1>------ 已启动全部重新生成: 项目: DuiLib, 配置: UnicodeDebug Win32 ------
1>正在删除项目“DuiLib”(配置“UnicodeDebug|Win32”)的中间文件和输出文件
2>------ 已启动全部重新生成: 项目: TradeClient, 配置: Debug Win32 ------
2>正在删除项目“TradeClient”(配置“Debug|Win32”)的中间文件和输出文件
2>正在编译...
1>正在编译...
1>StdAfx.cpp
2>BusinessBase.cpp
1>正在编译...
1>UIlib.cpp
2>e:\liyi\project\tradeclient\tradeclient\sdk\l1.pb.h(12) : fatal error C1189: #error :  This file was generated by a newer version of protoc which is
2>CharacterSet.cpp
1>WinImplBase.cpp
1>UIDelegate.cpp
1>Utils.cpp
1>UIBase.cpp
1>UIContainer.cpp
1>UIControl.cpp
1>UIDlgBuilder.cpp
1>UIManager.cpp
1>UIMarkup.cpp
1>UIRender.cpp
1>UIChildLayout.cpp
1>UIHorizontalLayout.cpp
1>UITabLayout.cpp
1>UITileLayout.cpp
1>UIVerticalLayout.cpp
1>UIActiveX.cpp
1>UIButton.cpp
1>UICheckBox.cpp
1>UICombo.cpp
1>正在生成代码...
1>正在编译...
1>UIComboBox.cpp
1>UIDateTime.cpp
1>UIEdit.cpp
1>UILabel.cpp
1>UIList.cpp
1>UIOption.cpp
1>UIProgress.cpp
1>UIRichEdit.cpp
1>UIScrollBar.cpp
1>UISlider.cpp
1>UIText.cpp
1>UITreeView.cpp
1>UIWebBrowser.cpp
2>ControllerBase.cpp
2>FundMergeUI.cpp
1>正在生成代码...
1>正在编译...
1>XUnzip.cpp
2>FundSplitUI.cpp
1>正在编译...
1>stb_image.c
1>正在链接...
1>   正在创建库 ../Lib/DuiLib_ud.lib 和对象 ../Lib/DuiLib_ud.exp
2>FuturesCapitalFlowUI.cpp
1>生成日志保存在“file://e:\LiYi\Project\TradeClient\DuiLib\Build\Debug_u\BuildLog.htm”
1>DuiLib - 0 个错误，0 个警告
2>FuturesCapitalPositionUI.cpp
2>FuturesDailyDealUI.cpp
2>FuturesDailyOrderUI.cpp
2>FuturesOrderUI.cpp
2>FuturesPastDealUI.cpp
2>FuturesPastOrderUI.cpp
2>LockScreenUI.cpp
2>LoginFrameWnd.cpp
2>MainFrameWnd.cpp
2>c:\program files\microsoft sdks\windows\v6.0a\include\ws2def.h(91) : warning C4005: “AF_IPX”: 宏重定义
2>        c:\program files\microsoft sdks\windows\v6.0a\include\winsock.h(460) : 参见“AF_IPX”的前一个定义
2>c:\program files\microsoft sdks\windows\v6.0a\include\ws2def.h(127) : warning C4005: “AF_MAX”: 宏重定义
2>        c:\program files\microsoft sdks\windows\v6.0a\include\winsock.h(479) : 参见“AF_MAX”的前一个定义
2>c:\program files\microsoft sdks\windows\v6.0a\include\ws2def.h(163) : warning C4005: “SO_DONTLINGER”: 宏重定义
2>        c:\program files\microsoft sdks\windows\v6.0a\include\winsock.h(402) : 参见“SO_DONTLINGER”的前一个定义
2>c:\program files\microsoft sdks\windows\v6.0a\include\ws2def.h(206) : error C2011: “sockaddr”: “struct”类型重定义
2>        c:\program files\microsoft sdks\windows\v6.0a\include\winsock.h(485) : 参见“sockaddr”的声明
2>c:\program files\microsoft sdks\windows\v6.0a\include\ws2def.h(384) : error C2143: 语法错误 : 缺少“}”(在“常量”的前面)
2>c:\program files\microsoft sdks\windows\v6.0a\include\ws2def.h(384) : error C2143: 语法错误 : 缺少“;”(在“常量”的前面)
2>c:\program files\microsoft sdks\windows\v6.0a\include\ws2def.h(384) : error C2059: 语法错误 : “常量”
2>c:\program files\microsoft sdks\windows\v6.0a\include\ws2def.h(437) : error C2143: 语法错误 : 缺少“;”(在“}”的前面)
2>c:\program files\microsoft sdks\windows\v6.0a\include\ws2def.h(437) : error C4430: 缺少类型说明符 - 假定为 int。注意: C++ 不支持默认 int
2>c:\program files\microsoft sdks\windows\v6.0a\include\ws2def.h(437) : error C4430: 缺少类型说明符 - 假定为 int。注意: C++ 不支持默认 int
2>c:\program files\microsoft sdks\windows\v6.0a\include\ws2def.h(518) : warning C4005: “IN_CLASSA”: 宏重定义
2>        c:\program files\microsoft sdks\windows\v6.0a\include\winsock.h(287) : 参见“IN_CLASSA”的前一个定义
2>c:\program files\microsoft sdks\windows\v6.0a\include\ws2def.h(524) : warning C4005: “IN_CLASSB”: 宏重定义
2>        c:\program files\microsoft sdks\windows\v6.0a\include\winsock.h(293) : 参见“IN_CLASSB”的前一个定义
2>c:\program files\microsoft sdks\windows\v6.0a\include\ws2def.h(530) : warning C4005: “IN_CLASSC”: 宏重定义
2>        c:\program files\microsoft sdks\windows\v6.0a\include\winsock.h(299) : 参见“IN_CLASSC”的前一个定义
2>c:\program files\microsoft sdks\windows\v6.0a\include\ws2def.h(541) : warning C4005: “INADDR_ANY”: 宏重定义
2>        c:\program files\microsoft sdks\windows\v6.0a\include\winsock.h(304) : 参见“INADDR_ANY”的前一个定义
2>c:\program files\microsoft sdks\windows\v6.0a\include\ws2def.h(543) : warning C4005: “INADDR_BROADCAST”: 宏重定义
2>        c:\program files\microsoft sdks\windows\v6.0a\include\winsock.h(306) : 参见“INADDR_BROADCAST”的前一个定义
2>c:\program files\microsoft sdks\windows\v6.0a\include\ws2def.h(577) : error C2011: “sockaddr_in”: “struct”类型重定义
2>        c:\program files\microsoft sdks\windows\v6.0a\include\winsock.h(312) : 参见“sockaddr_in”的声明
2>c:\program files\microsoft sdks\windows\v6.0a\include\winsock2.h(132) : error C2011: “fd_set”: “struct”类型重定义
2>        c:\program files\microsoft sdks\windows\v6.0a\include\winsock.h(68) : 参见“fd_set”的声明
2>c:\program files\microsoft sdks\windows\v6.0a\include\winsock2.h(167) : warning C4005: “FD_SET”: 宏重定义
2>        c:\program files\microsoft sdks\windows\v6.0a\include\winsock.h(102) : 参见“FD_SET”的前一个定义
2>c:\program files\microsoft sdks\windows\v6.0a\include\winsock2.h(176) : error C2011: “timeval”: “struct”类型重定义
2>        c:\program files\microsoft sdks\windows\v6.0a\include\winsock.h(111) : 参见“timeval”的声明
2>c:\program files\microsoft sdks\windows\v6.0a\include\winsock2.h(232) : error C2011: “hostent”: “struct”类型重定义
2>        c:\program files\microsoft sdks\windows\v6.0a\include\winsock.h(167) : 参见“hostent”的声明
2>c:\program files\microsoft sdks\windows\v6.0a\include\winsock2.h(245) : error C2011: “netent”: “struct”类型重定义
2>        c:\program files\microsoft sdks\windows\v6.0a\include\winsock.h(180) : 参见“netent”的声明
2>c:\program files\microsoft sdks\windows\v6.0a\include\winsock2.h(252) : error C2011: “servent”: “struct”类型重定义
2>        c:\program files\microsoft sdks\windows\v6.0a\include\winsock.h(187) : 参见“servent”的声明
2>c:\program files\microsoft sdks\windows\v6.0a\include\winsock2.h(264) : error C2011: “protoent”: “struct”类型重定义
2>        c:\program files\microsoft sdks\windows\v6.0a\include\winsock.h(199) : 参见“protoent”的声明
2>c:\program files\microsoft sdks\windows\v6.0a\include\winsock2.h(360) : error C2011: “WSAData”: “struct”类型重定义
2>        c:\program files\microsoft sdks\windows\v6.0a\include\winsock.h(322) : 参见“WSAData”的声明
2>c:\program files\microsoft sdks\windows\v6.0a\include\winsock2.h(458) : error C2011: “sockproto”: “struct”类型重定义
2>        c:\program files\microsoft sdks\windows\v6.0a\include\winsock.h(494) : 参见“sockproto”的声明
2>c:\program files\microsoft sdks\windows\v6.0a\include\winsock2.h(500) : error C2011: “linger”: “struct”类型重定义
2>        c:\program files\microsoft sdks\windows\v6.0a\include\winsock.h(531) : 参见“linger”的声明
2>c:\program files\microsoft sdks\windows\v6.0a\include\winsock2.h(513) : warning C4005: “SOMAXCONN”: 宏重定义
2>        c:\program files\microsoft sdks\windows\v6.0a\include\winsock.h(544) : 参见“SOMAXCONN”的前一个定义
2>c:\program files\microsoft sdks\windows\v6.0a\include\winsock2.h(542) : warning C4005: “FD_READ”: 宏重定义
2>        c:\program files\microsoft sdks\windows\v6.0a\include\winsock.h(562) : 参见“FD_READ”的前一个定义
2>c:\program files\microsoft sdks\windows\v6.0a\include\winsock2.h(545) : warning C4005: “FD_WRITE”: 宏重定义
2>        c:\program files\microsoft sdks\windows\v6.0a\include\winsock.h(563) : 参见“FD_WRITE”的前一个定义
2>c:\program files\microsoft sdks\windows\v6.0a\include\winsock2.h(548) : warning C4005: “FD_OOB”: 宏重定义
2>        c:\program files\microsoft sdks\windows\v6.0a\include\winsock.h(564) : 参见“FD_OOB”的前一个定义
2>c:\program files\microsoft sdks\windows\v6.0a\include\winsock2.h(551) : warning C4005: “FD_ACCEPT”: 宏重定义
2>        c:\program files\microsoft sdks\windows\v6.0a\include\winsock.h(565) : 参见“FD_ACCEPT”的前一个定义
2>c:\program files\microsoft sdks\windows\v6.0a\include\winsock2.h(554) : warning C4005: “FD_CONNECT”: 宏重定义
2>        c:\program files\microsoft sdks\windows\v6.0a\include\winsock.h(566) : 参见“FD_CONNECT”的前一个定义
2>c:\program files\microsoft sdks\windows\v6.0a\include\winsock2.h(557) : warning C4005: “FD_CLOSE”: 宏重定义
2>        c:\program files\microsoft sdks\windows\v6.0a\include\winsock.h(567) : 参见“FD_CLOSE”的前一个定义
2>c:\program files\microsoft sdks\windows\v6.0a\include\winsock2.h(1527) : error C2375: “accept”: 重定义；不同的链接
2>        c:\program files\microsoft sdks\windows\v6.0a\include\winsock.h(735) : 参见“accept”的声明
2>c:\program files\microsoft sdks\windows\v6.0a\include\winsock2.h(1548) : error C2375: “bind”: 重定义；不同的链接
2>        c:\program files\microsoft sdks\windows\v6.0a\include\winsock.h(740) : 参见“bind”的声明
2>c:\program files\microsoft sdks\windows\v6.0a\include\winsock2.h(1567) : error C2375: “closesocket”: 重定义；不同的链接
2>        c:\program files\microsoft sdks\windows\v6.0a\include\winsock.h(745) : 参见“closesocket”的声明
2>c:\program files\microsoft sdks\windows\v6.0a\include\winsock2.h(1586) : error C2375: “connect”: 重定义；不同的链接
2>        c:\program files\microsoft sdks\windows\v6.0a\include\winsock.h(747) : 参见“connect”的声明
2>c:\program files\microsoft sdks\windows\v6.0a\include\winsock2.h(1607) : error C2375: “ioctlsocket”: 重定义；不同的链接
2>        c:\program files\microsoft sdks\windows\v6.0a\include\winsock.h(752) : 参见“ioctlsocket”的声明
2>c:\program files\microsoft sdks\windows\v6.0a\include\winsock2.h(1628) : error C2375: “getpeername”: 重定义；不同的链接
2>        c:\program files\microsoft sdks\windows\v6.0a\include\winsock.h(757) : 参见“getpeername”的声明
2>c:\program files\microsoft sdks\windows\v6.0a\include\winsock2.h(1649) : error C2375: “getsockname”: 重定义；不同的链接
2>        c:\program files\microsoft sdks\windows\v6.0a\include\winsock.h(762) : 参见“getsockname”的声明
2>c:\program files\microsoft sdks\windows\v6.0a\include\winsock2.h(1672) : error C2375: “getsockopt”: 重定义；不同的链接
2>        c:\program files\microsoft sdks\windows\v6.0a\include\winsock.h(767) : 参见“getsockopt”的声明
2>c:\program files\microsoft sdks\windows\v6.0a\include\winsock2.h(1693) : error C2375: “htonl”: 重定义；不同的链接
2>        c:\program files\microsoft sdks\windows\v6.0a\include\winsock.h(774) : 参见“htonl”的声明
2>c:\program files\microsoft sdks\windows\v6.0a\include\winsock2.h(1710) : error C2375: “htons”: 重定义；不同的链接
2>        c:\program files\microsoft sdks\windows\v6.0a\include\winsock.h(776) : 参见“htons”的声明
2>c:\program files\microsoft sdks\windows\v6.0a\include\winsock2.h(1728) : error C2375: “inet_addr”: 重定义；不同的链接
2>        c:\program files\microsoft sdks\windows\v6.0a\include\winsock.h(778) : 参见“inet_addr”的声明
2>c:\program files\microsoft sdks\windows\v6.0a\include\winsock2.h(1745) : error C2375: “inet_ntoa”: 重定义；不同的链接
2>        c:\program files\microsoft sdks\windows\v6.0a\include\winsock.h(780) : 参见“inet_ntoa”的声明
2>c:\program files\microsoft sdks\windows\v6.0a\include\winsock2.h(1763) : error C2375: “listen”: 重定义；不同的链接
2>        c:\program files\microsoft sdks\windows\v6.0a\include\winsock.h(782) : 参见“listen”的声明
2>c:\program files\microsoft sdks\windows\v6.0a\include\winsock2.h(1781) : error C2375: “ntohl”: 重定义；不同的链接
2>        c:\program files\microsoft sdks\windows\v6.0a\include\winsock.h(786) : 参见“ntohl”的声明
2>c:\program files\microsoft sdks\windows\v6.0a\include\winsock2.h(1798) : error C2375: “ntohs”: 重定义；不同的链接
2>        c:\program files\microsoft sdks\windows\v6.0a\include\winsock.h(788) : 参见“ntohs”的声明
2>c:\program files\microsoft sdks\windows\v6.0a\include\winsock2.h(1818) : error C2375: “recv”: 重定义；不同的链接
2>        c:\program files\microsoft sdks\windows\v6.0a\include\winsock.h(790) : 参见“recv”的声明
2>c:\program files\microsoft sdks\windows\v6.0a\include\winsock2.h(1843) : error C2375: “recvfrom”: 重定义；不同的链接
2>        c:\program files\microsoft sdks\windows\v6.0a\include\winsock.h(796) : 参见“recvfrom”的声明
2>c:\program files\microsoft sdks\windows\v6.0a\include\winsock2.h(1869) : error C2375: “select”: 重定义；不同的链接
2>        c:\program files\microsoft sdks\windows\v6.0a\include\winsock.h(804) : 参见“select”的声明
2>c:\program files\microsoft sdks\windows\v6.0a\include\winsock2.h(1893) : error C2375: “send”: 重定义；不同的链接
2>        c:\program files\microsoft sdks\windows\v6.0a\include\winsock.h(811) : 参见“send”的声明
2>c:\program files\microsoft sdks\windows\v6.0a\include\winsock2.h(1918) : error C2375: “sendto”: 重定义；不同的链接
2>        c:\program files\microsoft sdks\windows\v6.0a\include\winsock.h(817) : 参见“sendto”的声明
2>c:\program files\microsoft sdks\windows\v6.0a\include\winsock2.h(1944) : error C2375: “setsockopt”: 重定义；不同的链接
2>        c:\program files\microsoft sdks\windows\v6.0a\include\winsock.h(825) : 参见“setsockopt”的声明
2>c:\program files\microsoft sdks\windows\v6.0a\include\winsock2.h(1966) : error C2375: “shutdown”: 重定义；不同的链接
2>        c:\program files\microsoft sdks\windows\v6.0a\include\winsock.h(832) : 参见“shutdown”的声明
2>c:\program files\microsoft sdks\windows\v6.0a\include\winsock2.h(1986) : error C2375: “socket”: 重定义；不同的链接
2>        c:\program files\microsoft sdks\windows\v6.0a\include\winsock.h(836) : 参见“socket”的声明
2>c:\program files\microsoft sdks\windows\v6.0a\include\winsock2.h(2009) : error C2375: “gethostbyaddr”: 重定义；不同的链接
2>        c:\program files\microsoft sdks\windows\v6.0a\include\winsock.h(843) : 参见“gethostbyaddr”的声明
2>c:\program files\microsoft sdks\windows\v6.0a\include\winsock2.h(2029) : error C2375: “gethostbyname”: 重定义；不同的链接
2>        c:\program files\microsoft sdks\windows\v6.0a\include\winsock.h(848) : 参见“gethostbyname”的声明
2>c:\program files\microsoft sdks\windows\v6.0a\include\winsock2.h(2047) : error C2375: “gethostname”: 重定义；不同的链接
2>        c:\program files\microsoft sdks\windows\v6.0a\include\winsock.h(850) : 参见“gethostname”的声明
2>c:\program files\microsoft sdks\windows\v6.0a\include\winsock2.h(2067) : error C2375: “getservbyport”: 重定义；不同的链接
2>        c:\program files\microsoft sdks\windows\v6.0a\include\winsock.h(854) : 参见“getservbyport”的声明
2>c:\program files\microsoft sdks\windows\v6.0a\include\winsock2.h(2087) : error C2375: “getservbyname”: 重定义；不同的链接
2>        c:\program files\microsoft sdks\windows\v6.0a\include\winsock.h(858) : 参见“getservbyname”的声明
2>c:\program files\microsoft sdks\windows\v6.0a\include\winsock2.h(2106) : error C2375: “getprotobynumber”: 重定义；不同的链接
2>        c:\program files\microsoft sdks\windows\v6.0a\include\winsock.h(862) : 参见“getprotobynumber”的声明
2>c:\program files\microsoft sdks\windows\v6.0a\include\winsock2.h(2124) : error C2375: “getprotobyname”: 重定义；不同的链接
2>        c:\program files\microsoft sdks\windows\v6.0a\include\winsock.h(864) : 参见“getprotobyname”的声明
2>c:\program files\microsoft sdks\windows\v6.0a\include\winsock2.h(2145) : error C2375: “WSAStartup”: 重定义；不同的链接
2>        c:\program files\microsoft sdks\windows\v6.0a\include\winsock.h(868) : 参见“WSAStartup”的声明
2>c:\program files\microsoft sdks\windows\v6.0a\include\winsock2.h(2163) : error C2375: “WSACleanup”: 重定义；不同的链接
2>        c:\program files\microsoft sdks\windows\v6.0a\include\winsock.h(872) : 参见“WSACleanup”的声明
2>c:\program files\microsoft sdks\windows\v6.0a\include\winsock2.h(2180) : error C2375: “WSASetLastError”: 重定义；不同的链接
2>        c:\program files\microsoft sdks\windows\v6.0a\include\winsock.h(874) : 参见“WSASetLastError”的声明
2>c:\program files\microsoft sdks\windows\v6.0a\include\winsock2.h(2197) : error C2375: “WSAGetLastError”: 重定义；不同的链接
2>        c:\program files\microsoft sdks\windows\v6.0a\include\winsock.h(876) : 参见“WSAGetLastError”的声明
2>c:\program files\microsoft sdks\windows\v6.0a\include\winsock2.h(2214) : error C2375: “WSAIsBlocking”: 重定义；不同的链接
2>        c:\program files\microsoft sdks\windows\v6.0a\include\winsock.h(878) : 参见“WSAIsBlocking”的声明
2>c:\program files\microsoft sdks\windows\v6.0a\include\winsock2.h(2231) : error C2375: “WSAUnhookBlockingHook”: 重定义；不同的链接
2>        c:\program files\microsoft sdks\windows\v6.0a\include\winsock.h(880) : 参见“WSAUnhookBlockingHook”的声明
2>c:\program files\microsoft sdks\windows\v6.0a\include\winsock2.h(2248) : error C2375: “WSASetBlockingHook”: 重定义；不同的链接
2>        c:\program files\microsoft sdks\windows\v6.0a\include\winsock.h(882) : 参见“WSASetBlockingHook”的声明
2>c:\program files\microsoft sdks\windows\v6.0a\include\winsock2.h(2265) : error C2375: “WSACancelBlockingCall”: 重定义；不同的链接
2>        c:\program files\microsoft sdks\windows\v6.0a\include\winsock.h(884) : 参见“WSACancelBlockingCall”的声明
2>c:\program files\microsoft sdks\windows\v6.0a\include\winsock2.h(2287) : error C2375: “WSAAsyncGetServByName”: 重定义；不同的链接
2>        c:\program files\microsoft sdks\windows\v6.0a\include\winsock.h(886) : 参见“WSAAsyncGetServByName”的声明
2>c:\program files\microsoft sdks\windows\v6.0a\include\winsock2.h(2314) : error C2375: “WSAAsyncGetServByPort”: 重定义；不同的链接
2>        c:\program files\microsoft sdks\windows\v6.0a\include\winsock.h(894) : 参见“WSAAsyncGetServByPort”的声明
2>c:\program files\microsoft sdks\windows\v6.0a\include\winsock2.h(2340) : error C2375: “WSAAsyncGetProtoByName”: 重定义；不同的链接
2>        c:\program files\microsoft sdks\windows\v6.0a\include\winsock.h(902) : 参见“WSAAsyncGetProtoByName”的声明
2>c:\program files\microsoft sdks\windows\v6.0a\include\winsock2.h(2365) : error C2375: “WSAAsyncGetProtoByNumber”: 重定义；不同的链接
2>        c:\program files\microsoft sdks\windows\v6.0a\include\winsock.h(909) : 参见“WSAAsyncGetProtoByNumber”的声明
2>c:\program files\microsoft sdks\windows\v6.0a\include\winsock2.h(2390) : error C2375: “WSAAsyncGetHostByName”: 重定义；不同的链接
2>        c:\program files\microsoft sdks\windows\v6.0a\include\winsock.h(916) : 参见“WSAAsyncGetHostByName”的声明
2>c:\program files\microsoft sdks\windows\v6.0a\include\winsock2.h(2417) : error C2375: “WSAAsyncGetHostByAddr”: 重定义；不同的链接
2>        c:\program files\microsoft sdks\windows\v6.0a\include\winsock.h(923) : 参见“WSAAsyncGetHostByAddr”的声明
2>c:\program files\microsoft sdks\windows\v6.0a\include\winsock2.h(2440) : error C2375: “WSACancelAsyncRequest”: 重定义；不同的链接
2>        c:\program files\microsoft sdks\windows\v6.0a\include\winsock.h(932) : 参见“WSACancelAsyncRequest”的声明
2>c:\program files\microsoft sdks\windows\v6.0a\include\winsock2.h(2461) : error C2375: “WSAAsyncSelect”: 重定义；不同的链接
2>        c:\program files\microsoft sdks\windows\v6.0a\include\winsock.h(934) : 参见“WSAAsyncSelect”的声明
2>c:\program files\microsoft sdks\windows\v6.0a\include\winsock2.h(3910) : error C2059: 语法错误 : “}”
2>c:\program files\microsoft sdks\windows\v6.0a\include\winsock2.h(3910) : error C2143: 语法错误 : 缺少“;”(在“}”的前面)
2>c:\program files\microsoft sdks\windows\v6.0a\include\winsock2.h(3910) : error C2059: 语法错误 : “}”
2>c:\program files\microsoft sdks\windows\v6.0a\include\windowsx.h(19) : error C2143: 语法错误 : 缺少“;”(在“{”的前面)
2>c:\program files\microsoft sdks\windows\v6.0a\include\windowsx.h(19) : error C2447: “{”: 缺少函数标题(是否是老式的形式表?)
2>e:\liyi\project\tradeclient\tradeclient\framewnd\mainframewnd.cpp(225) : error C2065: “MyFactory”: 未声明的标识符
2>e:\liyi\project\tradeclient\tradeclient\framewnd\mainframewnd.cpp(225) : error C2146: 语法错误 : 缺少“;”(在标识符“factory”的前面)
2>e:\liyi\project\tradeclient\tradeclient\framewnd\mainframewnd.cpp(225) : error C2065: “factory”: 未声明的标识符
2>e:\liyi\project\tradeclient\tradeclient\framewnd\mainframewnd.cpp(226) : error C2065: “ModuleServer”: 未声明的标识符
2>e:\liyi\project\tradeclient\tradeclient\framewnd\mainframewnd.cpp(226) : error C2146: 语法错误 : 缺少“;”(在标识符“module”的前面)
2>e:\liyi\project\tradeclient\tradeclient\framewnd\mainframewnd.cpp(226) : error C2065: “module”: 未声明的标识符
2>e:\liyi\project\tradeclient\tradeclient\framewnd\mainframewnd.cpp(227) : error C2065: “module”: 未声明的标识符
2>e:\liyi\project\tradeclient\tradeclient\framewnd\mainframewnd.cpp(227) : error C2228: “.Register”的左边必须有类/结构/联合
2>        类型是“'unknown-type'”
2>e:\liyi\project\tradeclient\tradeclient\framewnd\mainframewnd.cpp(227) : error C2065: “factory”: 未声明的标识符
2>e:\liyi\project\tradeclient\tradeclient\framewnd\mainframewnd.cpp(228) : error C2065: “module”: 未声明的标识符
2>e:\liyi\project\tradeclient\tradeclient\framewnd\mainframewnd.cpp(228) : error C2228: “.Init”的左边必须有类/结构/联合
2>        类型是“'unknown-type'”
2>e:\liyi\project\tradeclient\tradeclient\framewnd\mainframewnd.cpp(229) : error C2065: “module”: 未声明的标识符
2>e:\liyi\project\tradeclient\tradeclient\framewnd\mainframewnd.cpp(229) : error C2228: “.Run”的左边必须有类/结构/联合
2>        类型是“'unknown-type'”
2>StockBuyUI.cpp
2>e:\liyi\project\tradeclient\tradeclient\sdk\l1.pb.h(12) : fatal error C1189: #error :  This file was generated by a newer version of protoc which is
2>StockCancleUI.cpp
2>StockCapitalFlowUI.cpp
2>StockCapitalPositionUI.cpp
2>StockDailyDealUI.cpp
2>正在生成代码...
2>正在编译...
2>StockDailyOrderUI.cpp
2>StockPastDealUI.cpp
2>StockPastOrderUI.cpp
2>StockSellUI.cpp
2>QuotaBusiness.cpp
2>e:\liyi\project\tradeclient\tradeclient\sdk\l1.pb.h(12) : fatal error C1189: #error :  This file was generated by a newer version of protoc which is
2>UIMenu.cpp
2>BSCClient.cpp
2>e:\liyi\project\tradeclient\tradeclient\sdk\bscclient.cpp : warning C4819: 该文件包含不能在当前代码页(936)中表示的字符。请将该文件保存为 Unicode 格式以防止数据丢失
2>e:\liyi\project\tradeclient\tradeclient\sdk\bscclient.cpp(8) : error C2143: 语法错误 : 缺少“;”(在“{”的前面)
2>e:\liyi\project\tradeclient\tradeclient\sdk\bscclient.cpp(17) : error C2601: “BSCClient::SendRequest”: 本地函数定义是非法的
2>        e:\liyi\project\tradeclient\tradeclient\sdk\bscclient.cpp(4): 此行有一个“{”没有匹配项
2>e:\liyi\project\tradeclient\tradeclient\sdk\bscclient.cpp(22) : error C2601: “BSCClient::RecvRespond”: 本地函数定义是非法的
2>        e:\liyi\project\tradeclient\tradeclient\sdk\bscclient.cpp(4): 此行有一个“{”没有匹配项
2>e:\liyi\project\tradeclient\tradeclient\sdk\bscclient.cpp(25) : fatal error C1075: 与左侧的 大括号“{”(位于“e:\liyi\project\tradeclient\tradeclient\sdk\bscclient.cpp(4)”)匹配之前遇到文件结束
2>BSCConnection.cpp
2>e:\liyi\project\tradeclient\tradeclient\sdk\bscconnection.cpp : warning C4819: 该文件包含不能在当前代码页(936)中表示的字符。请将该文件保存为 Unicode 格式以防止数据丢失
2>e:\liyi\project\tradeclient\tradeclient\sdk\l1.pb.h(12) : fatal error C1189: #error :  This file was generated by a newer version of protoc which is
2>BSCConnectionManager.cpp
2>e:\liyi\project\tradeclient\tradeclient\sdk\l1.pb.h(12) : fatal error C1189: #error :  This file was generated by a newer version of protoc which is
2>BusinessFactoryAgent.cpp
2>DataSet.cpp
2>DataSetRow.cpp
2>e:\liyi\project\tradeclient\tradeclient\sdk\datasetrow.cpp(19) : warning C4244: “return”: 从“double”转换到“float”，可能丢失数据
2>DoorBell.cpp
2>DynamicMsg.cpp
2>e:\liyi\project\tradeclient\tradeclient\sdk\dynamicmsg.cpp(26) : warning C4244: “参数”: 从“time_t”转换到“unsigned int”，可能丢失数据
2>e:\liyi\project\tradeclient\tradeclient\sdk\dynamicmsg.cpp(102) : warning C4996: 'sprintf': This function or variable may be unsafe. Consider using sprintf_s instead. To disable deprecation, use _CRT_SECURE_NO_WARNINGS. See online help for details.
2>        d:\develop\vs2008\vc\include\stdio.h(366) : 参见“sprintf”的声明
2>e:\liyi\project\tradeclient\tradeclient\sdk\dynamicmsg.cpp(106) : warning C4996: 'sprintf': This function or variable may be unsafe. Consider using sprintf_s instead. To disable deprecation, use _CRT_SECURE_NO_WARNINGS. See online help for details.
2>        d:\develop\vs2008\vc\include\stdio.h(366) : 参见“sprintf”的声明
2>DynamicMsgDataSpace.cpp
2>DynamicMsgFactory.cpp
2>e:\liyi\project\tradeclient\tradeclient\sdk\dynamicmsgfactory.cpp(19) : error C3861: “open”: 找不到标识符
2>DynamicMsgFactoryManager.cpp
2>DynamicMsgGroup.cpp
2>DynamicMsgReadRow.cpp
2>DynamicMsgWriteRow.cpp
2>正在生成代码...
2>正在编译...
2>main.cpp
2>e:\liyi\project\tradeclient\tradeclient\sdk\main.cpp : warning C4819: 该文件包含不能在当前代码页(936)中表示的字符。请将该文件保存为 Unicode 格式以防止数据丢失
2>e:\liyi\project\tradeclient\tradeclient\sdk\l1.pb.h(12) : fatal error C1189: #error :  This file was generated by a newer version of protoc which is
2>ModuleServer.cpp
2>e:\liyi\project\tradeclient\tradeclient\sdk\l1.pb.h(12) : fatal error C1189: #error :  This file was generated by a newer version of protoc which is
2>pugixml.cpp
2>RequestPool.cpp
2>e:\liyi\project\tradeclient\tradeclient\sdk\l1.pb.h(12) : fatal error C1189: #error :  This file was generated by a newer version of protoc which is
2>VApp.cpp
2>Worker.cpp
2>e:\liyi\project\tradeclient\tradeclient\sdk\l1.pb.h(12) : fatal error C1189: #error :  This file was generated by a newer version of protoc which is
2>WorkerManager.cpp
2>e:\liyi\project\tradeclient\tradeclient\sdk\l1.pb.h(12) : fatal error C1189: #error :  This file was generated by a newer version of protoc which is
2>TradeClient.cpp
2>c:\program files\microsoft sdks\windows\v6.0a\include\ws2def.h(91) : warning C4005: “AF_IPX”: 宏重定义
2>        c:\program files\microsoft sdks\windows\v6.0a\include\winsock.h(460) : 参见“AF_IPX”的前一个定义
2>c:\program files\microsoft sdks\windows\v6.0a\include\ws2def.h(127) : warning C4005: “AF_MAX”: 宏重定义
2>        c:\program files\microsoft sdks\windows\v6.0a\include\winsock.h(479) : 参见“AF_MAX”的前一个定义
2>c:\program files\microsoft sdks\windows\v6.0a\include\ws2def.h(163) : warning C4005: “SO_DONTLINGER”: 宏重定义
2>        c:\program files\microsoft sdks\windows\v6.0a\include\winsock.h(402) : 参见“SO_DONTLINGER”的前一个定义
2>c:\program files\microsoft sdks\windows\v6.0a\include\ws2def.h(206) : error C2011: “sockaddr”: “struct”类型重定义
2>        c:\program files\microsoft sdks\windows\v6.0a\include\winsock.h(485) : 参见“sockaddr”的声明
2>c:\program files\microsoft sdks\windows\v6.0a\include\ws2def.h(384) : error C2143: 语法错误 : 缺少“}”(在“常量”的前面)
2>c:\program files\microsoft sdks\windows\v6.0a\include\ws2def.h(384) : error C2143: 语法错误 : 缺少“;”(在“常量”的前面)
2>c:\program files\microsoft sdks\windows\v6.0a\include\ws2def.h(384) : error C2059: 语法错误 : “常量”
2>c:\program files\microsoft sdks\windows\v6.0a\include\ws2def.h(437) : error C2143: 语法错误 : 缺少“;”(在“}”的前面)
2>c:\program files\microsoft sdks\windows\v6.0a\include\ws2def.h(437) : error C4430: 缺少类型说明符 - 假定为 int。注意: C++ 不支持默认 int
2>c:\program files\microsoft sdks\windows\v6.0a\include\ws2def.h(437) : error C4430: 缺少类型说明符 - 假定为 int。注意: C++ 不支持默认 int
2>c:\program files\microsoft sdks\windows\v6.0a\include\ws2def.h(518) : warning C4005: “IN_CLASSA”: 宏重定义
2>        c:\program files\microsoft sdks\windows\v6.0a\include\winsock.h(287) : 参见“IN_CLASSA”的前一个定义
2>c:\program files\microsoft sdks\windows\v6.0a\include\ws2def.h(524) : warning C4005: “IN_CLASSB”: 宏重定义
2>        c:\program files\microsoft sdks\windows\v6.0a\include\winsock.h(293) : 参见“IN_CLASSB”的前一个定义
2>c:\program files\microsoft sdks\windows\v6.0a\include\ws2def.h(530) : warning C4005: “IN_CLASSC”: 宏重定义
2>        c:\program files\microsoft sdks\windows\v6.0a\include\winsock.h(299) : 参见“IN_CLASSC”的前一个定义
2>c:\program files\microsoft sdks\windows\v6.0a\include\ws2def.h(541) : warning C4005: “INADDR_ANY”: 宏重定义
2>        c:\program files\microsoft sdks\windows\v6.0a\include\winsock.h(304) : 参见“INADDR_ANY”的前一个定义
2>c:\program files\microsoft sdks\windows\v6.0a\include\ws2def.h(543) : warning C4005: “INADDR_BROADCAST”: 宏重定义
2>        c:\program files\microsoft sdks\windows\v6.0a\include\winsock.h(306) : 参见“INADDR_BROADCAST”的前一个定义
2>c:\program files\microsoft sdks\windows\v6.0a\include\ws2def.h(577) : error C2011: “sockaddr_in”: “struct”类型重定义
2>        c:\program files\microsoft sdks\windows\v6.0a\include\winsock.h(312) : 参见“sockaddr_in”的声明
2>c:\program files\microsoft sdks\windows\v6.0a\include\winsock2.h(132) : error C2011: “fd_set”: “struct”类型重定义
2>        c:\program files\microsoft sdks\windows\v6.0a\include\winsock.h(68) : 参见“fd_set”的声明
2>c:\program files\microsoft sdks\windows\v6.0a\include\winsock2.h(167) : warning C4005: “FD_SET”: 宏重定义
2>        c:\program files\microsoft sdks\windows\v6.0a\include\winsock.h(102) : 参见“FD_SET”的前一个定义
2>c:\program files\microsoft sdks\windows\v6.0a\include\winsock2.h(176) : error C2011: “timeval”: “struct”类型重定义
2>        c:\program files\microsoft sdks\windows\v6.0a\include\winsock.h(111) : 参见“timeval”的声明
2>c:\program files\microsoft sdks\windows\v6.0a\include\winsock2.h(232) : error C2011: “hostent”: “struct”类型重定义
2>        c:\program files\microsoft sdks\windows\v6.0a\include\winsock.h(167) : 参见“hostent”的声明
2>c:\program files\microsoft sdks\windows\v6.0a\include\winsock2.h(245) : error C2011: “netent”: “struct”类型重定义
2>        c:\program files\microsoft sdks\windows\v6.0a\include\winsock.h(180) : 参见“netent”的声明
2>c:\program files\microsoft sdks\windows\v6.0a\include\winsock2.h(252) : error C2011: “servent”: “struct”类型重定义
2>        c:\program files\microsoft sdks\windows\v6.0a\include\winsock.h(187) : 参见“servent”的声明
2>c:\program files\microsoft sdks\windows\v6.0a\include\winsock2.h(264) : error C2011: “protoent”: “struct”类型重定义
2>        c:\program files\microsoft sdks\windows\v6.0a\include\winsock.h(199) : 参见“protoent”的声明
2>c:\program files\microsoft sdks\windows\v6.0a\include\winsock2.h(360) : error C2011: “WSAData”: “struct”类型重定义
2>        c:\program files\microsoft sdks\windows\v6.0a\include\winsock.h(322) : 参见“WSAData”的声明
2>c:\program files\microsoft sdks\windows\v6.0a\include\winsock2.h(458) : error C2011: “sockproto”: “struct”类型重定义
2>        c:\program files\microsoft sdks\windows\v6.0a\include\winsock.h(494) : 参见“sockproto”的声明
2>c:\program files\microsoft sdks\windows\v6.0a\include\winsock2.h(500) : error C2011: “linger”: “struct”类型重定义
2>        c:\program files\microsoft sdks\windows\v6.0a\include\winsock.h(531) : 参见“linger”的声明
2>c:\program files\microsoft sdks\windows\v6.0a\include\winsock2.h(513) : warning C4005: “SOMAXCONN”: 宏重定义
2>        c:\program files\microsoft sdks\windows\v6.0a\include\winsock.h(544) : 参见“SOMAXCONN”的前一个定义
2>c:\program files\microsoft sdks\windows\v6.0a\include\winsock2.h(542) : warning C4005: “FD_READ”: 宏重定义
2>        c:\program files\microsoft sdks\windows\v6.0a\include\winsock.h(562) : 参见“FD_READ”的前一个定义
2>c:\program files\microsoft sdks\windows\v6.0a\include\winsock2.h(545) : warning C4005: “FD_WRITE”: 宏重定义
2>        c:\program files\microsoft sdks\windows\v6.0a\include\winsock.h(563) : 参见“FD_WRITE”的前一个定义
2>c:\program files\microsoft sdks\windows\v6.0a\include\winsock2.h(548) : warning C4005: “FD_OOB”: 宏重定义
2>        c:\program files\microsoft sdks\windows\v6.0a\include\winsock.h(564) : 参见“FD_OOB”的前一个定义
2>c:\program files\microsoft sdks\windows\v6.0a\include\winsock2.h(551) : warning C4005: “FD_ACCEPT”: 宏重定义
2>        c:\program files\microsoft sdks\windows\v6.0a\include\winsock.h(565) : 参见“FD_ACCEPT”的前一个定义
2>c:\program files\microsoft sdks\windows\v6.0a\include\winsock2.h(554) : warning C4005: “FD_CONNECT”: 宏重定义
2>        c:\program files\microsoft sdks\windows\v6.0a\include\winsock.h(566) : 参见“FD_CONNECT”的前一个定义
2>c:\program files\microsoft sdks\windows\v6.0a\include\winsock2.h(557) : warning C4005: “FD_CLOSE”: 宏重定义
2>        c:\program files\microsoft sdks\windows\v6.0a\include\winsock.h(567) : 参见“FD_CLOSE”的前一个定义
2>c:\program files\microsoft sdks\windows\v6.0a\include\winsock2.h(1527) : error C2375: “accept”: 重定义；不同的链接
2>        c:\program files\microsoft sdks\windows\v6.0a\include\winsock.h(735) : 参见“accept”的声明
2>c:\program files\microsoft sdks\windows\v6.0a\include\winsock2.h(1548) : error C2375: “bind”: 重定义；不同的链接
2>        c:\program files\microsoft sdks\windows\v6.0a\include\winsock.h(740) : 参见“bind”的声明
2>c:\program files\microsoft sdks\windows\v6.0a\include\winsock2.h(1567) : error C2375: “closesocket”: 重定义；不同的链接
2>        c:\program files\microsoft sdks\windows\v6.0a\include\winsock.h(745) : 参见“closesocket”的声明
2>c:\program files\microsoft sdks\windows\v6.0a\include\winsock2.h(1586) : error C2375: “connect”: 重定义；不同的链接
2>        c:\program files\microsoft sdks\windows\v6.0a\include\winsock.h(747) : 参见“connect”的声明
2>c:\program files\microsoft sdks\windows\v6.0a\include\winsock2.h(1607) : error C2375: “ioctlsocket”: 重定义；不同的链接
2>        c:\program files\microsoft sdks\windows\v6.0a\include\winsock.h(752) : 参见“ioctlsocket”的声明
2>c:\program files\microsoft sdks\windows\v6.0a\include\winsock2.h(1628) : error C2375: “getpeername”: 重定义；不同的链接
2>        c:\program files\microsoft sdks\windows\v6.0a\include\winsock.h(757) : 参见“getpeername”的声明
2>c:\program files\microsoft sdks\windows\v6.0a\include\winsock2.h(1649) : error C2375: “getsockname”: 重定义；不同的链接
2>        c:\program files\microsoft sdks\windows\v6.0a\include\winsock.h(762) : 参见“getsockname”的声明
2>c:\program files\microsoft sdks\windows\v6.0a\include\winsock2.h(1672) : error C2375: “getsockopt”: 重定义；不同的链接
2>        c:\program files\microsoft sdks\windows\v6.0a\include\winsock.h(767) : 参见“getsockopt”的声明
2>c:\program files\microsoft sdks\windows\v6.0a\include\winsock2.h(1693) : error C2375: “htonl”: 重定义；不同的链接
2>        c:\program files\microsoft sdks\windows\v6.0a\include\winsock.h(774) : 参见“htonl”的声明
2>c:\program files\microsoft sdks\windows\v6.0a\include\winsock2.h(1710) : error C2375: “htons”: 重定义；不同的链接
2>        c:\program files\microsoft sdks\windows\v6.0a\include\winsock.h(776) : 参见“htons”的声明
2>c:\program files\microsoft sdks\windows\v6.0a\include\winsock2.h(1728) : error C2375: “inet_addr”: 重定义；不同的链接
2>        c:\program files\microsoft sdks\windows\v6.0a\include\winsock.h(778) : 参见“inet_addr”的声明
2>c:\program files\microsoft sdks\windows\v6.0a\include\winsock2.h(1745) : error C2375: “inet_ntoa”: 重定义；不同的链接
2>        c:\program files\microsoft sdks\windows\v6.0a\include\winsock.h(780) : 参见“inet_ntoa”的声明
2>c:\program files\microsoft sdks\windows\v6.0a\include\winsock2.h(1763) : error C2375: “listen”: 重定义；不同的链接
2>        c:\program files\microsoft sdks\windows\v6.0a\include\winsock.h(782) : 参见“listen”的声明
2>c:\program files\microsoft sdks\windows\v6.0a\include\winsock2.h(1781) : error C2375: “ntohl”: 重定义；不同的链接
2>        c:\program files\microsoft sdks\windows\v6.0a\include\winsock.h(786) : 参见“ntohl”的声明
2>c:\program files\microsoft sdks\windows\v6.0a\include\winsock2.h(1798) : error C2375: “ntohs”: 重定义；不同的链接
2>        c:\program files\microsoft sdks\windows\v6.0a\include\winsock.h(788) : 参见“ntohs”的声明
2>c:\program files\microsoft sdks\windows\v6.0a\include\winsock2.h(1818) : error C2375: “recv”: 重定义；不同的链接
2>        c:\program files\microsoft sdks\windows\v6.0a\include\winsock.h(790) : 参见“recv”的声明
2>c:\program files\microsoft sdks\windows\v6.0a\include\winsock2.h(1843) : error C2375: “recvfrom”: 重定义；不同的链接
2>        c:\program files\microsoft sdks\windows\v6.0a\include\winsock.h(796) : 参见“recvfrom”的声明
2>c:\program files\microsoft sdks\windows\v6.0a\include\winsock2.h(1869) : error C2375: “select”: 重定义；不同的链接
2>        c:\program files\microsoft sdks\windows\v6.0a\include\winsock.h(804) : 参见“select”的声明
2>c:\program files\microsoft sdks\windows\v6.0a\include\winsock2.h(1893) : error C2375: “send”: 重定义；不同的链接
2>        c:\program files\microsoft sdks\windows\v6.0a\include\winsock.h(811) : 参见“send”的声明
2>c:\program files\microsoft sdks\windows\v6.0a\include\winsock2.h(1918) : error C2375: “sendto”: 重定义；不同的链接
2>        c:\program files\microsoft sdks\windows\v6.0a\include\winsock.h(817) : 参见“sendto”的声明
2>c:\program files\microsoft sdks\windows\v6.0a\include\winsock2.h(1944) : error C2375: “setsockopt”: 重定义；不同的链接
2>        c:\program files\microsoft sdks\windows\v6.0a\include\winsock.h(825) : 参见“setsockopt”的声明
2>c:\program files\microsoft sdks\windows\v6.0a\include\winsock2.h(1966) : error C2375: “shutdown”: 重定义；不同的链接
2>        c:\program files\microsoft sdks\windows\v6.0a\include\winsock.h(832) : 参见“shutdown”的声明
2>c:\program files\microsoft sdks\windows\v6.0a\include\winsock2.h(1986) : error C2375: “socket”: 重定义；不同的链接
2>        c:\program files\microsoft sdks\windows\v6.0a\include\winsock.h(836) : 参见“socket”的声明
2>c:\program files\microsoft sdks\windows\v6.0a\include\winsock2.h(2009) : error C2375: “gethostbyaddr”: 重定义；不同的链接
2>        c:\program files\microsoft sdks\windows\v6.0a\include\winsock.h(843) : 参见“gethostbyaddr”的声明
2>c:\program files\microsoft sdks\windows\v6.0a\include\winsock2.h(2029) : error C2375: “gethostbyname”: 重定义；不同的链接
2>        c:\program files\microsoft sdks\windows\v6.0a\include\winsock.h(848) : 参见“gethostbyname”的声明
2>c:\program files\microsoft sdks\windows\v6.0a\include\winsock2.h(2047) : error C2375: “gethostname”: 重定义；不同的链接
2>        c:\program files\microsoft sdks\windows\v6.0a\include\winsock.h(850) : 参见“gethostname”的声明
2>c:\program files\microsoft sdks\windows\v6.0a\include\winsock2.h(2067) : error C2375: “getservbyport”: 重定义；不同的链接
2>        c:\program files\microsoft sdks\windows\v6.0a\include\winsock.h(854) : 参见“getservbyport”的声明
2>c:\program files\microsoft sdks\windows\v6.0a\include\winsock2.h(2087) : error C2375: “getservbyname”: 重定义；不同的链接
2>        c:\program files\microsoft sdks\windows\v6.0a\include\winsock.h(858) : 参见“getservbyname”的声明
2>c:\program files\microsoft sdks\windows\v6.0a\include\winsock2.h(2106) : error C2375: “getprotobynumber”: 重定义；不同的链接
2>        c:\program files\microsoft sdks\windows\v6.0a\include\winsock.h(862) : 参见“getprotobynumber”的声明
2>c:\program files\microsoft sdks\windows\v6.0a\include\winsock2.h(2124) : error C2375: “getprotobyname”: 重定义；不同的链接
2>        c:\program files\microsoft sdks\windows\v6.0a\include\winsock.h(864) : 参见“getprotobyname”的声明
2>c:\program files\microsoft sdks\windows\v6.0a\include\winsock2.h(2145) : error C2375: “WSAStartup”: 重定义；不同的链接
2>        c:\program files\microsoft sdks\windows\v6.0a\include\winsock.h(868) : 参见“WSAStartup”的声明
2>c:\program files\microsoft sdks\windows\v6.0a\include\winsock2.h(2163) : error C2375: “WSACleanup”: 重定义；不同的链接
2>        c:\program files\microsoft sdks\windows\v6.0a\include\winsock.h(872) : 参见“WSACleanup”的声明
2>c:\program files\microsoft sdks\windows\v6.0a\include\winsock2.h(2180) : error C2375: “WSASetLastError”: 重定义；不同的链接
2>        c:\program files\microsoft sdks\windows\v6.0a\include\winsock.h(874) : 参见“WSASetLastError”的声明
2>c:\program files\microsoft sdks\windows\v6.0a\include\winsock2.h(2197) : error C2375: “WSAGetLastError”: 重定义；不同的链接
2>        c:\program files\microsoft sdks\windows\v6.0a\include\winsock.h(876) : 参见“WSAGetLastError”的声明
2>c:\program files\microsoft sdks\windows\v6.0a\include\winsock2.h(2214) : error C2375: “WSAIsBlocking”: 重定义；不同的链接
2>        c:\program files\microsoft sdks\windows\v6.0a\include\winsock.h(878) : 参见“WSAIsBlocking”的声明
2>c:\program files\microsoft sdks\windows\v6.0a\include\winsock2.h(2231) : error C2375: “WSAUnhookBlockingHook”: 重定义；不同的链接
2>        c:\program files\microsoft sdks\windows\v6.0a\include\winsock.h(880) : 参见“WSAUnhookBlockingHook”的声明
2>c:\program files\microsoft sdks\windows\v6.0a\include\winsock2.h(2248) : error C2375: “WSASetBlockingHook”: 重定义；不同的链接
2>        c:\program files\microsoft sdks\windows\v6.0a\include\winsock.h(882) : 参见“WSASetBlockingHook”的声明
2>c:\program files\microsoft sdks\windows\v6.0a\include\winsock2.h(2265) : error C2375: “WSACancelBlockingCall”: 重定义；不同的链接
2>        c:\program files\microsoft sdks\windows\v6.0a\include\winsock.h(884) : 参见“WSACancelBlockingCall”的声明
2>c:\program files\microsoft sdks\windows\v6.0a\include\winsock2.h(2287) : error C2375: “WSAAsyncGetServByName”: 重定义；不同的链接
2>        c:\program files\microsoft sdks\windows\v6.0a\include\winsock.h(886) : 参见“WSAAsyncGetServByName”的声明
2>c:\program files\microsoft sdks\windows\v6.0a\include\winsock2.h(2314) : error C2375: “WSAAsyncGetServByPort”: 重定义；不同的链接
2>        c:\program files\microsoft sdks\windows\v6.0a\include\winsock.h(894) : 参见“WSAAsyncGetServByPort”的声明
2>c:\program files\microsoft sdks\windows\v6.0a\include\winsock2.h(2340) : error C2375: “WSAAsyncGetProtoByName”: 重定义；不同的链接
2>        c:\program files\microsoft sdks\windows\v6.0a\include\winsock.h(902) : 参见“WSAAsyncGetProtoByName”的声明
2>c:\program files\microsoft sdks\windows\v6.0a\include\winsock2.h(2365) : error C2375: “WSAAsyncGetProtoByNumber”: 重定义；不同的链接
2>        c:\program files\microsoft sdks\windows\v6.0a\include\winsock.h(909) : 参见“WSAAsyncGetProtoByNumber”的声明
2>c:\program files\microsoft sdks\windows\v6.0a\include\winsock2.h(2390) : error C2375: “WSAAsyncGetHostByName”: 重定义；不同的链接
2>        c:\program files\microsoft sdks\windows\v6.0a\include\winsock.h(916) : 参见“WSAAsyncGetHostByName”的声明
2>c:\program files\microsoft sdks\windows\v6.0a\include\winsock2.h(2417) : error C2375: “WSAAsyncGetHostByAddr”: 重定义；不同的链接
2>        c:\program files\microsoft sdks\windows\v6.0a\include\winsock.h(923) : 参见“WSAAsyncGetHostByAddr”的声明
2>c:\program files\microsoft sdks\windows\v6.0a\include\winsock2.h(2440) : error C2375: “WSACancelAsyncRequest”: 重定义；不同的链接
2>        c:\program files\microsoft sdks\windows\v6.0a\include\winsock.h(932) : 参见“WSACancelAsyncRequest”的声明
2>c:\program files\microsoft sdks\windows\v6.0a\include\winsock2.h(2461) : error C2375: “WSAAsyncSelect”: 重定义；不同的链接
2>        c:\program files\microsoft sdks\windows\v6.0a\include\winsock.h(934) : 参见“WSAAsyncSelect”的声明
2>c:\program files\microsoft sdks\windows\v6.0a\include\winsock2.h(3910) : error C2059: 语法错误 : “}”
2>c:\program files\microsoft sdks\windows\v6.0a\include\winsock2.h(3910) : error C2143: 语法错误 : 缺少“;”(在“}”的前面)
2>c:\program files\microsoft sdks\windows\v6.0a\include\winsock2.h(3910) : error C2059: 语法错误 : “}”
2>c:\program files\microsoft sdks\windows\v6.0a\include\windowsx.h(19) : error C2143: 语法错误 : 缺少“;”(在“{”的前面)
2>c:\program files\microsoft sdks\windows\v6.0a\include\windowsx.h(19) : error C2447: “{”: 缺少函数标题(是否是老式的形式表?)
2>正在生成代码...
2>生成日志保存在“file://e:\LiYi\Project\TradeClient\TradeClient\Debug\BuildLog.htm”
2>TradeClient - 164 个错误，39 个警告
========== 全部重新生成: 成功 1 个，失败 1 个，跳过 0 个 ==========
